<html>
<body>
<pre>
<h1>µVision Build Log</h1>
<h2>Project:</h2>
D:\GitHub\Density_Inspection\GPIO_BEEP.uvproj
Project File Date:  03/23/2015

<h2>Output:</h2>
Rebuild target 'DebugInFlash'
compiling core_cm0.c...
compiling system_LPC11xx.c...
assembling startup_LPC11xx.s...
compiling main.c...
USER_CODE\main.c(69): error:  #158: expression must be an lvalue or a function designator
compiling SHT10.c...
compiling init.c...
compiling uart.c...
Target not created
Rebuild target 'DebugInFlash'
compiling core_cm0.c...
compiling system_LPC11xx.c...
assembling startup_LPC11xx.s...
compiling main.c...
compiling SHT10.c...
compiling init.c...
compiling uart.c...
linking...
Program Size: Code=4500 RO-data=224 RW-data=24 ZI-data=1120  
User command #2: fromelf.exe --bin -o .\DebugInFlash\GPIO_BEEP.bin .\DebugInFlash\GPIO_BEEP.axf
".\DebugInFlash\GPIO_BEEP.axf" - 0 Error(s), 0 Warning(s).
Rebuild target 'DebugInFlash'
compiling core_cm0.c...
compiling system_LPC11xx.c...
assembling startup_LPC11xx.s...
compiling main.c...
compiling SHT10.c...
compiling init.c...
compiling uart.c...
linking...
Program Size: Code=4500 RO-data=224 RW-data=24 ZI-data=1120  
User command #2: fromelf.exe --bin -o .\DebugInFlash\GPIO_BEEP.bin .\DebugInFlash\GPIO_BEEP.axf
".\DebugInFlash\GPIO_BEEP.axf" - 0 Error(s), 0 Warning(s).
Rebuild target 'DebugInFlash'
compiling core_cm0.c...
compiling system_LPC11xx.c...
assembling startup_LPC11xx.s...
compiling main.c...
USER_CODE\main.c(69): error:  #158: expression must be an lvalue or a function designator
compiling SHT10.c...
compiling init.c...
compiling uart.c...
Target not created
Rebuild target 'DebugInFlash'
compiling core_cm0.c...
compiling system_LPC11xx.c...
assembling startup_LPC11xx.s...
compiling main.c...
compiling SHT10.c...
compiling init.c...
compiling uart.c...
linking...
Program Size: Code=4500 RO-data=224 RW-data=24 ZI-data=1120  
User command #2: fromelf.exe --bin -o .\DebugInFlash\GPIO_BEEP.bin .\DebugInFlash\GPIO_BEEP.axf
".\DebugInFlash\GPIO_BEEP.axf" - 0 Error(s), 0 Warning(s).
Rebuild target 'DebugInFlash'
compiling core_cm0.c...
compiling system_LPC11xx.c...
assembling startup_LPC11xx.s...
compiling main.c...
compiling SHT10.c...
compiling init.c...
compiling uart.c...
linking...
Program Size: Code=4500 RO-data=224 RW-data=24 ZI-data=1120  
User command #2: fromelf.exe --bin -o .\DebugInFlash\GPIO_BEEP.bin .\DebugInFlash\GPIO_BEEP.axf
".\DebugInFlash\GPIO_BEEP.axf" - 0 Error(s), 0 Warning(s).
Rebuild target 'DebugInFlash'
compiling core_cm0.c...
compiling system_LPC11xx.c...
assembling startup_LPC11xx.s...
compiling main.c...
USER_CODE\main.c(66): warning:  #167-D: argument of type "unsigned char *" is incompatible with parameter of type "char *"
compiling SHT10.c...
USER_CODE\SHT10.c(176): error:  #147-D: declaration is incompatible with "char s_measure(char *, char *, uint8_t)" (declared at line 5 of "USER_CODE\sht10.h")
compiling init.c...
compiling uart.c...
Target not created
Rebuild target 'DebugInFlash'
compiling core_cm0.c...
compiling system_LPC11xx.c...
assembling startup_LPC11xx.s...
compiling main.c...
compiling SHT10.c...
compiling init.c...
compiling uart.c...
linking...
Program Size: Code=4500 RO-data=224 RW-data=24 ZI-data=1120  
User command #2: fromelf.exe --bin -o .\DebugInFlash\GPIO_BEEP.bin .\DebugInFlash\GPIO_BEEP.axf
".\DebugInFlash\GPIO_BEEP.axf" - 0 Error(s), 0 Warning(s).
Rebuild target 'DebugInFlash'
compiling core_cm0.c...
compiling system_LPC11xx.c...
assembling startup_LPC11xx.s...
compiling main.c...
USER_CODE\main.c(69): error:  #65: expected a ";"
compiling SHT10.c...
compiling init.c...
compiling uart.c...
Target not created
Rebuild target 'DebugInFlash'
compiling core_cm0.c...
compiling system_LPC11xx.c...
assembling startup_LPC11xx.s...
compiling main.c...
compiling SHT10.c...
compiling init.c...
compiling uart.c...
linking...
Program Size: Code=4496 RO-data=224 RW-data=24 ZI-data=1120  
User command #2: fromelf.exe --bin -o .\DebugInFlash\GPIO_BEEP.bin .\DebugInFlash\GPIO_BEEP.axf
".\DebugInFlash\GPIO_BEEP.axf" - 0 Error(s), 0 Warning(s).
Rebuild target 'DebugInFlash'
compiling core_cm0.c...
compiling system_LPC11xx.c...
assembling startup_LPC11xx.s...
compiling main.c...
compiling SHT10.c...
compiling init.c...
compiling uart.c...
linking...
Program Size: Code=4676 RO-data=224 RW-data=24 ZI-data=1120  
User command #2: fromelf.exe --bin -o .\DebugInFlash\GPIO_BEEP.bin .\DebugInFlash\GPIO_BEEP.axf
".\DebugInFlash\GPIO_BEEP.axf" - 0 Error(s), 0 Warning(s).
Rebuild target 'DebugInFlash'
compiling core_cm0.c...
compiling system_LPC11xx.c...
assembling startup_LPC11xx.s...
compiling main.c...
compiling SHT10.c...
compiling init.c...
compiling uart.c...
linking...
Program Size: Code=4676 RO-data=224 RW-data=24 ZI-data=1120  
User command #2: fromelf.exe --bin -o .\DebugInFlash\GPIO_BEEP.bin .\DebugInFlash\GPIO_BEEP.axf
".\DebugInFlash\GPIO_BEEP.axf" - 0 Error(s), 0 Warning(s).
Rebuild target 'DebugInFlash'
compiling core_cm0.c...
compiling system_LPC11xx.c...
assembling startup_LPC11xx.s...
compiling main.c...
compiling SHT10.c...
compiling init.c...
compiling uart.c...
linking...
Program Size: Code=4648 RO-data=224 RW-data=24 ZI-data=1120  
User command #2: fromelf.exe --bin -o .\DebugInFlash\GPIO_BEEP.bin .\DebugInFlash\GPIO_BEEP.axf
".\DebugInFlash\GPIO_BEEP.axf" - 0 Error(s), 0 Warning(s).
Rebuild target 'DebugInFlash'
compiling core_cm0.c...
compiling system_LPC11xx.c...
assembling startup_LPC11xx.s...
compiling main.c...
compiling SHT10.c...
compiling init.c...
compiling uart.c...
linking...
Program Size: Code=4660 RO-data=224 RW-data=24 ZI-data=1120  
User command #2: fromelf.exe --bin -o .\DebugInFlash\GPIO_BEEP.bin .\DebugInFlash\GPIO_BEEP.axf
".\DebugInFlash\GPIO_BEEP.axf" - 0 Error(s), 0 Warning(s).
Rebuild target 'DebugInFlash'
compiling core_cm0.c...
compiling system_LPC11xx.c...
assembling startup_LPC11xx.s...
compiling main.c...
compiling SHT10.c...
compiling init.c...
compiling uart.c...
linking...
Program Size: Code=4636 RO-data=224 RW-data=24 ZI-data=1120  
User command #2: fromelf.exe --bin -o .\DebugInFlash\GPIO_BEEP.bin .\DebugInFlash\GPIO_BEEP.axf
".\DebugInFlash\GPIO_BEEP.axf" - 0 Error(s), 0 Warning(s).
Rebuild target 'DebugInFlash'
compiling core_cm0.c...
compiling system_LPC11xx.c...
assembling startup_LPC11xx.s...
compiling main.c...
compiling SHT10.c...
compiling init.c...
compiling uart.c...
linking...
Program Size: Code=4676 RO-data=224 RW-data=24 ZI-data=1120  
User command #2: fromelf.exe --bin -o .\DebugInFlash\GPIO_BEEP.bin .\DebugInFlash\GPIO_BEEP.axf
".\DebugInFlash\GPIO_BEEP.axf" - 0 Error(s), 0 Warning(s).
