<html>
<body>
<pre>
<h1>µVision Build Log</h1>
<h2>Project:</h2>
D:\GitHub\Density_Inspection\GPIO_BEEP.uvproj
Project File Date:  03/15/2015

<h2>Output:</h2>
Rebuild target 'DebugInFlash'
compiling core_cm0.c...
compiling system_LPC11xx.c...
assembling startup_LPC11xx.s...
compiling main.c...
linking...
Program Size: Code=1508 RO-data=224 RW-data=4 ZI-data=1124  
User command #2: fromelf.exe --bin -o .\DebugInFlash\GPIO_BEEP.bin .\DebugInFlash\GPIO_BEEP.axf
".\DebugInFlash\GPIO_BEEP.axf" - 0 Error(s), 0 Warning(s).
Rebuild target 'DebugInFlash'
compiling core_cm0.c...
compiling system_LPC11xx.c...
assembling startup_LPC11xx.s...
compiling main.c...
linking...
Program Size: Code=1508 RO-data=224 RW-data=4 ZI-data=1124  
User command #2: fromelf.exe --bin -o .\DebugInFlash\GPIO_BEEP.bin .\DebugInFlash\GPIO_BEEP.axf
".\DebugInFlash\GPIO_BEEP.axf" - 0 Error(s), 0 Warning(s).
Rebuild target 'DebugInFlash'
compiling core_cm0.c...
compiling system_LPC11xx.c...
assembling startup_LPC11xx.s...
compiling main.c...
linking...
Program Size: Code=1508 RO-data=224 RW-data=4 ZI-data=1124  
User command #2: fromelf.exe --bin -o .\DebugInFlash\GPIO_BEEP.bin .\DebugInFlash\GPIO_BEEP.axf
".\DebugInFlash\GPIO_BEEP.axf" - 0 Error(s), 0 Warning(s).
Rebuild target 'DebugInFlash'
compiling core_cm0.c...
compiling system_LPC11xx.c...
assembling startup_LPC11xx.s...
compiling main.c...
linking...
Program Size: Code=1508 RO-data=224 RW-data=4 ZI-data=1124  
User command #2: fromelf.exe --bin -o .\DebugInFlash\GPIO_BEEP.bin .\DebugInFlash\GPIO_BEEP.axf
".\DebugInFlash\GPIO_BEEP.axf" - 0 Error(s), 0 Warning(s).
Rebuild target 'DebugInFlash'
compiling core_cm0.c...
compiling system_LPC11xx.c...
assembling startup_LPC11xx.s...
compiling main.c...
USER_CODE\main.c(128): error:  #136: struct "<unnamed>" has no field "DAYA"
USER_CODE\main.c(129): warning:  #223-D: function "_nop" declared implicitly
Target not created
Rebuild target 'DebugInFlash'
compiling core_cm0.c...
compiling system_LPC11xx.c...
assembling startup_LPC11xx.s...
compiling main.c...
USER_CODE\main.c(128): error:  #136: struct "<unnamed>" has no field "DAYA"
USER_CODE\main.c(129): warning:  #223-D: function "delay" declared implicitly
Target not created
Rebuild target 'DebugInFlash'
compiling core_cm0.c...
compiling system_LPC11xx.c...
assembling startup_LPC11xx.s...
compiling main.c...
USER_CODE\main.c(128): error:  #136: struct "<unnamed>" has no field "DAYA"
USER_CODE\main.c(132): error:  #136: struct "<unnamed>" has no field "DAYA"
USER_CODE\main.c(134): error:  #136: struct "<unnamed>" has no field "DAYA"
USER_CODE\main.c(140): error:  #136: struct "<unnamed>" has no field "DAYA"
Target not created
Rebuild target 'DebugInFlash'
compiling core_cm0.c...
compiling system_LPC11xx.c...
assembling startup_LPC11xx.s...
compiling main.c...
linking...
Program Size: Code=1612 RO-data=224 RW-data=4 ZI-data=1124  
User command #2: fromelf.exe --bin -o .\DebugInFlash\GPIO_BEEP.bin .\DebugInFlash\GPIO_BEEP.axf
".\DebugInFlash\GPIO_BEEP.axf" - 0 Error(s), 0 Warning(s).
Load "D:\\GitHub\\Density_Inspection\\DebugInFlash\\GPIO_BEEP.AXF" 
Flash Write Done: 1840 bytes programmed.
Flash Verify Done: 1840 bytes verified.
Rebuild target 'DebugInFlash'
compiling core_cm0.c...
compiling system_LPC11xx.c...
assembling startup_LPC11xx.s...
compiling main.c...
linking...
Program Size: Code=1628 RO-data=224 RW-data=4 ZI-data=1124  
User command #2: fromelf.exe --bin -o .\DebugInFlash\GPIO_BEEP.bin .\DebugInFlash\GPIO_BEEP.axf
".\DebugInFlash\GPIO_BEEP.axf" - 0 Error(s), 0 Warning(s).
Rebuild target 'DebugInFlash'
compiling core_cm0.c...
compiling system_LPC11xx.c...
assembling startup_LPC11xx.s...
compiling main.c...
linking...
Program Size: Code=1648 RO-data=224 RW-data=4 ZI-data=1124  
User command #2: fromelf.exe --bin -o .\DebugInFlash\GPIO_BEEP.bin .\DebugInFlash\GPIO_BEEP.axf
".\DebugInFlash\GPIO_BEEP.axf" - 0 Error(s), 0 Warning(s).
Rebuild target 'DebugInFlash'
compiling core_cm0.c...
compiling system_LPC11xx.c...
assembling startup_LPC11xx.s...
compiling main.c...
linking...
Program Size: Code=1648 RO-data=224 RW-data=4 ZI-data=1124  
User command #2: fromelf.exe --bin -o .\DebugInFlash\GPIO_BEEP.bin .\DebugInFlash\GPIO_BEEP.axf
".\DebugInFlash\GPIO_BEEP.axf" - 0 Error(s), 0 Warning(s).
Rebuild target 'DebugInFlash'
compiling core_cm0.c...
compiling system_LPC11xx.c...
assembling startup_LPC11xx.s...
compiling main.c...
USER_CODE\main.c(90): warning:  #223-D: function "myDelay" declared implicitly
USER_CODE\main.c(114): error:  #159: declaration is incompatible with previous "myDelay" (declared at line 90)
Target not created
Rebuild target 'DebugInFlash'
compiling core_cm0.c...
compiling system_LPC11xx.c...
assembling startup_LPC11xx.s...
compiling main.c...
linking...
Program Size: Code=1656 RO-data=224 RW-data=4 ZI-data=1124  
User command #2: fromelf.exe --bin -o .\DebugInFlash\GPIO_BEEP.bin .\DebugInFlash\GPIO_BEEP.axf
".\DebugInFlash\GPIO_BEEP.axf" - 0 Error(s), 0 Warning(s).
